[2026-04-19 19:51:50] Real guided benchmark workspace ready at app\data\real_guided_4x4_workspace. Grid=4x4, captures_per_cell=2.
[2026-04-19 19:51:50] Waiting for real ESP32 traffic on the configured UDP port. Make sure the nodes are powered and sending.
[2026-04-19 19:51:58] UDP ready with nodes [1, 2, 3].
[2026-04-19 19:51:58] Baseline capture phase: leave the room now so the receiver sees an empty room.
[2026-04-19 19:51:58] Starting baseline attempt 1/3.
[2026-04-19 19:52:10] Baseline completed with 3/3 nodes.
[2026-04-19 19:52:10] Move to real cell (1, 1) for capture 1/32, round 1 | 5.0s remaining
[2026-04-19 19:52:11] Move to real cell (1, 1) for capture 1/32, round 1 | 4.0s remaining
[2026-04-19 19:52:12] Move to real cell (1, 1) for capture 1/32, round 1 | 3.0s remaining
[2026-04-19 19:52:13] Move to real cell (1, 1) for capture 1/32, round 1 | 2.0s remaining
[2026-04-19 19:52:14] Move to real cell (1, 1) for capture 1/32, round 1 | 1.0s remaining
[2026-04-19 19:52:15] Starting Learn capture 1/32 for cell (1, 1), attempt 1/3. Hold still.
[2026-04-19 19:52:20] Cell (1, 1) now has 91 windows across 1 captures.
[2026-04-19 19:52:20] Move to real cell (2, 1) for capture 2/32, round 1 | 5.0s remaining
[2026-04-19 19:52:21] Move to real cell (2, 1) for capture 2/32, round 1 | 4.0s remaining
[2026-04-19 19:52:22] Move to real cell (2, 1) for capture 2/32, round 1 | 3.0s remaining
[2026-04-19 19:52:23] Move to real cell (2, 1) for capture 2/32, round 1 | 2.0s remaining
[2026-04-19 19:52:24] Move to real cell (2, 1) for capture 2/32, round 1 | 1.0s remaining
[2026-04-19 19:52:25] Starting Learn capture 2/32 for cell (2, 1), attempt 1/3. Hold still.
[2026-04-19 19:52:30] Cell (2, 1) now has 91 windows across 1 captures.
[2026-04-19 19:52:30] Move to real cell (3, 1) for capture 3/32, round 1 | 5.0s remaining
[2026-04-19 19:52:31] Move to real cell (3, 1) for capture 3/32, round 1 | 4.0s remaining
[2026-04-19 19:52:32] Move to real cell (3, 1) for capture 3/32, round 1 | 3.0s remaining
[2026-04-19 19:52:33] Move to real cell (3, 1) for capture 3/32, round 1 | 2.0s remaining
[2026-04-19 19:52:34] Move to real cell (3, 1) for capture 3/32, round 1 | 1.0s remaining
[2026-04-19 19:52:35] Starting Learn capture 3/32 for cell (3, 1), attempt 1/3. Hold still.
[2026-04-19 19:52:40] Cell (3, 1) now has 91 windows across 1 captures.
[2026-04-19 19:52:40] Move to real cell (4, 1) for capture 4/32, round 1 | 5.0s remaining
[2026-04-19 19:52:41] Move to real cell (4, 1) for capture 4/32, round 1 | 4.0s remaining
[2026-04-19 19:52:42] Move to real cell (4, 1) for capture 4/32, round 1 | 3.0s remaining
[2026-04-19 19:52:43] Move to real cell (4, 1) for capture 4/32, round 1 | 2.0s remaining
[2026-04-19 19:52:44] Move to real cell (4, 1) for capture 4/32, round 1 | 1.0s remaining
[2026-04-19 19:52:45] Starting Learn capture 4/32 for cell (4, 1), attempt 1/3. Hold still.
[2026-04-19 19:52:50] Cell (4, 1) now has 91 windows across 1 captures.
[2026-04-19 19:52:50] Move to real cell (1, 2) for capture 5/32, round 1 | 5.0s remaining
[2026-04-19 19:52:51] Move to real cell (1, 2) for capture 5/32, round 1 | 4.0s remaining
[2026-04-19 19:52:52] Move to real cell (1, 2) for capture 5/32, round 1 | 3.0s remaining
[2026-04-19 19:52:53] Move to real cell (1, 2) for capture 5/32, round 1 | 2.0s remaining
[2026-04-19 19:52:54] Move to real cell (1, 2) for capture 5/32, round 1 | 1.0s remaining
[2026-04-19 19:52:55] Starting Learn capture 5/32 for cell (1, 2), attempt 1/3. Hold still.
[2026-04-19 19:53:00] Cell (1, 2) now has 91 windows across 1 captures.
[2026-04-19 19:53:00] Move to real cell (2, 2) for capture 6/32, round 1 | 5.0s remaining
[2026-04-19 19:53:01] Move to real cell (2, 2) for capture 6/32, round 1 | 4.0s remaining
[2026-04-19 19:53:02] Move to real cell (2, 2) for capture 6/32, round 1 | 3.0s remaining
[2026-04-19 19:53:03] Move to real cell (2, 2) for capture 6/32, round 1 | 2.0s remaining
[2026-04-19 19:53:04] Move to real cell (2, 2) for capture 6/32, round 1 | 1.0s remaining
[2026-04-19 19:53:05] Starting Learn capture 6/32 for cell (2, 2), attempt 1/3. Hold still.
[2026-04-19 19:53:11] Cell (2, 2) now has 91 windows across 1 captures.
[2026-04-19 19:53:11] Move to real cell (3, 2) for capture 7/32, round 1 | 5.0s remaining
[2026-04-19 19:53:12] Move to real cell (3, 2) for capture 7/32, round 1 | 4.0s remaining
[2026-04-19 19:53:13] Move to real cell (3, 2) for capture 7/32, round 1 | 3.0s remaining
[2026-04-19 19:53:14] Move to real cell (3, 2) for capture 7/32, round 1 | 2.0s remaining
[2026-04-19 19:53:15] Move to real cell (3, 2) for capture 7/32, round 1 | 1.0s remaining
[2026-04-19 19:53:16] Starting Learn capture 7/32 for cell (3, 2), attempt 1/3. Hold still.
[2026-04-19 19:53:21] Cell (3, 2) now has 91 windows across 1 captures.
[2026-04-19 19:53:21] Move to real cell (4, 2) for capture 8/32, round 1 | 5.0s remaining
[2026-04-19 19:53:22] Move to real cell (4, 2) for capture 8/32, round 1 | 4.0s remaining
[2026-04-19 19:53:23] Move to real cell (4, 2) for capture 8/32, round 1 | 3.0s remaining
[2026-04-19 19:53:24] Move to real cell (4, 2) for capture 8/32, round 1 | 2.0s remaining
[2026-04-19 19:53:25] Move to real cell (4, 2) for capture 8/32, round 1 | 1.0s remaining
[2026-04-19 19:53:26] Starting Learn capture 8/32 for cell (4, 2), attempt 1/3. Hold still.
[2026-04-19 19:53:31] Cell (4, 2) now has 91 windows across 1 captures.
[2026-04-19 19:53:31] Move to real cell (1, 3) for capture 9/32, round 1 | 5.0s remaining
[2026-04-19 19:53:32] Move to real cell (1, 3) for capture 9/32, round 1 | 4.0s remaining
[2026-04-19 19:53:33] Move to real cell (1, 3) for capture 9/32, round 1 | 3.0s remaining
[2026-04-19 19:53:34] Move to real cell (1, 3) for capture 9/32, round 1 | 2.0s remaining
[2026-04-19 19:53:35] Move to real cell (1, 3) for capture 9/32, round 1 | 1.0s remaining
[2026-04-19 19:53:36] Starting Learn capture 9/32 for cell (1, 3), attempt 1/3. Hold still.
[2026-04-19 19:53:41] Cell (1, 3) now has 91 windows across 1 captures.
[2026-04-19 19:53:41] Move to real cell (2, 3) for capture 10/32, round 1 | 5.0s remaining
[2026-04-19 19:53:42] Move to real cell (2, 3) for capture 10/32, round 1 | 4.0s remaining
[2026-04-19 19:53:43] Move to real cell (2, 3) for capture 10/32, round 1 | 3.0s remaining
[2026-04-19 19:53:44] Move to real cell (2, 3) for capture 10/32, round 1 | 2.0s remaining
[2026-04-19 19:53:45] Move to real cell (2, 3) for capture 10/32, round 1 | 1.0s remaining
[2026-04-19 19:53:46] Starting Learn capture 10/32 for cell (2, 3), attempt 1/3. Hold still.
[2026-04-19 19:53:51] Cell (2, 3) now has 91 windows across 1 captures.
[2026-04-19 19:53:51] Move to real cell (3, 3) for capture 11/32, round 1 | 5.0s remaining
[2026-04-19 19:53:52] Move to real cell (3, 3) for capture 11/32, round 1 | 4.0s remaining
[2026-04-19 19:53:53] Move to real cell (3, 3) for capture 11/32, round 1 | 3.0s remaining
[2026-04-19 19:53:54] Move to real cell (3, 3) for capture 11/32, round 1 | 2.0s remaining
[2026-04-19 19:53:55] Move to real cell (3, 3) for capture 11/32, round 1 | 1.0s remaining
[2026-04-19 19:53:56] Starting Learn capture 11/32 for cell (3, 3), attempt 1/3. Hold still.
[2026-04-19 19:54:01] Cell (3, 3) now has 91 windows across 1 captures.
[2026-04-19 19:54:01] Move to real cell (4, 3) for capture 12/32, round 1 | 5.0s remaining
[2026-04-19 19:54:03] Move to real cell (4, 3) for capture 12/32, round 1 | 4.0s remaining
[2026-04-19 19:54:04] Move to real cell (4, 3) for capture 12/32, round 1 | 3.0s remaining
[2026-04-19 19:54:05] Move to real cell (4, 3) for capture 12/32, round 1 | 2.0s remaining
[2026-04-19 19:54:06] Move to real cell (4, 3) for capture 12/32, round 1 | 1.0s remaining
[2026-04-19 19:54:07] Starting Learn capture 12/32 for cell (4, 3), attempt 1/3. Hold still.
[2026-04-19 19:54:12] Cell (4, 3) now has 91 windows across 1 captures.
[2026-04-19 19:54:12] Move to real cell (1, 4) for capture 13/32, round 1 | 5.0s remaining
[2026-04-19 19:54:13] Move to real cell (1, 4) for capture 13/32, round 1 | 4.0s remaining
[2026-04-19 19:54:14] Move to real cell (1, 4) for capture 13/32, round 1 | 3.0s remaining
[2026-04-19 19:54:15] Move to real cell (1, 4) for capture 13/32, round 1 | 2.0s remaining
[2026-04-19 19:54:16] Move to real cell (1, 4) for capture 13/32, round 1 | 1.0s remaining
[2026-04-19 19:54:17] Starting Learn capture 13/32 for cell (1, 4), attempt 1/3. Hold still.
[2026-04-19 19:54:22] Cell (1, 4) now has 91 windows across 1 captures.
[2026-04-19 19:54:22] Move to real cell (2, 4) for capture 14/32, round 1 | 5.0s remaining
[2026-04-19 19:54:23] Move to real cell (2, 4) for capture 14/32, round 1 | 4.0s remaining
[2026-04-19 19:54:24] Move to real cell (2, 4) for capture 14/32, round 1 | 3.0s remaining
[2026-04-19 19:54:25] Move to real cell (2, 4) for capture 14/32, round 1 | 2.0s remaining
[2026-04-19 19:54:26] Move to real cell (2, 4) for capture 14/32, round 1 | 1.0s remaining
[2026-04-19 19:54:27] Starting Learn capture 14/32 for cell (2, 4), attempt 1/3. Hold still.
[2026-04-19 19:54:32] Cell (2, 4) now has 91 windows across 1 captures.
[2026-04-19 19:54:32] Move to real cell (3, 4) for capture 15/32, round 1 | 5.0s remaining
[2026-04-19 19:54:33] Move to real cell (3, 4) for capture 15/32, round 1 | 4.0s remaining
[2026-04-19 19:54:34] Move to real cell (3, 4) for capture 15/32, round 1 | 3.0s remaining
[2026-04-19 19:54:35] Move to real cell (3, 4) for capture 15/32, round 1 | 2.0s remaining
[2026-04-19 19:54:36] Move to real cell (3, 4) for capture 15/32, round 1 | 1.0s remaining
[2026-04-19 19:54:37] Starting Learn capture 15/32 for cell (3, 4), attempt 1/3. Hold still.
[2026-04-19 19:54:43] Cell (3, 4) now has 91 windows across 1 captures.
[2026-04-19 19:54:43] Move to real cell (4, 4) for capture 16/32, round 1 | 5.0s remaining
[2026-04-19 19:54:44] Move to real cell (4, 4) for capture 16/32, round 1 | 4.0s remaining
[2026-04-19 19:54:45] Move to real cell (4, 4) for capture 16/32, round 1 | 3.0s remaining
[2026-04-19 19:54:46] Move to real cell (4, 4) for capture 16/32, round 1 | 2.0s remaining
[2026-04-19 19:54:47] Move to real cell (4, 4) for capture 16/32, round 1 | 1.0s remaining
[2026-04-19 19:54:48] Starting Learn capture 16/32 for cell (4, 4), attempt 1/3. Hold still.
[2026-04-19 19:54:53] Cell (4, 4) now has 91 windows across 1 captures.
[2026-04-19 19:54:53] Move to real cell (1, 1) for capture 17/32, round 2 | 5.0s remaining
[2026-04-19 19:54:54] Move to real cell (1, 1) for capture 17/32, round 2 | 4.0s remaining
[2026-04-19 19:54:55] Move to real cell (1, 1) for capture 17/32, round 2 | 3.0s remaining
[2026-04-19 19:54:56] Move to real cell (1, 1) for capture 17/32, round 2 | 2.0s remaining
[2026-04-19 19:54:57] Move to real cell (1, 1) for capture 17/32, round 2 | 1.0s remaining
[2026-04-19 19:54:58] Starting Learn capture 17/32 for cell (1, 1), attempt 1/3. Hold still.
[2026-04-19 19:55:03] Cell (1, 1) now has 182 windows across 2 captures.
[2026-04-19 19:55:03] Move to real cell (2, 1) for capture 18/32, round 2 | 5.0s remaining
[2026-04-19 19:55:04] Move to real cell (2, 1) for capture 18/32, round 2 | 4.0s remaining
[2026-04-19 19:55:05] Move to real cell (2, 1) for capture 18/32, round 2 | 3.0s remaining
[2026-04-19 19:55:06] Move to real cell (2, 1) for capture 18/32, round 2 | 2.0s remaining
[2026-04-19 19:55:07] Move to real cell (2, 1) for capture 18/32, round 2 | 1.0s remaining
[2026-04-19 19:55:08] Starting Learn capture 18/32 for cell (2, 1), attempt 1/3. Hold still.
[2026-04-19 19:55:14] Cell (2, 1) now has 182 windows across 2 captures.
[2026-04-19 19:55:14] Move to real cell (3, 1) for capture 19/32, round 2 | 5.0s remaining
[2026-04-19 19:55:15] Move to real cell (3, 1) for capture 19/32, round 2 | 4.0s remaining
[2026-04-19 19:55:16] Move to real cell (3, 1) for capture 19/32, round 2 | 3.0s remaining
[2026-04-19 19:55:17] Move to real cell (3, 1) for capture 19/32, round 2 | 2.0s remaining
[2026-04-19 19:55:18] Move to real cell (3, 1) for capture 19/32, round 2 | 1.0s remaining
[2026-04-19 19:55:19] Starting Learn capture 19/32 for cell (3, 1), attempt 1/3. Hold still.
[2026-04-19 19:55:24] Cell (3, 1) now has 182 windows across 2 captures.
[2026-04-19 19:55:24] Move to real cell (4, 1) for capture 20/32, round 2 | 5.0s remaining
[2026-04-19 19:55:25] Move to real cell (4, 1) for capture 20/32, round 2 | 4.0s remaining
[2026-04-19 19:55:26] Move to real cell (4, 1) for capture 20/32, round 2 | 3.0s remaining
[2026-04-19 19:55:27] Move to real cell (4, 1) for capture 20/32, round 2 | 2.0s remaining
[2026-04-19 19:55:28] Move to real cell (4, 1) for capture 20/32, round 2 | 1.0s remaining
[2026-04-19 19:55:29] Starting Learn capture 20/32 for cell (4, 1), attempt 1/3. Hold still.
[2026-04-19 19:55:34] Cell (4, 1) now has 182 windows across 2 captures.
[2026-04-19 19:55:34] Move to real cell (1, 2) for capture 21/32, round 2 | 5.0s remaining
[2026-04-19 19:55:35] Move to real cell (1, 2) for capture 21/32, round 2 | 4.0s remaining
[2026-04-19 19:55:36] Move to real cell (1, 2) for capture 21/32, round 2 | 3.0s remaining
[2026-04-19 19:55:37] Move to real cell (1, 2) for capture 21/32, round 2 | 2.0s remaining
[2026-04-19 19:55:38] Move to real cell (1, 2) for capture 21/32, round 2 | 1.0s remaining
[2026-04-19 19:55:39] Starting Learn capture 21/32 for cell (1, 2), attempt 1/3. Hold still.
[2026-04-19 19:55:45] Cell (1, 2) now has 182 windows across 2 captures.
[2026-04-19 19:55:45] Move to real cell (2, 2) for capture 22/32, round 2 | 5.0s remaining
[2026-04-19 19:55:46] Move to real cell (2, 2) for capture 22/32, round 2 | 4.0s remaining
[2026-04-19 19:55:47] Move to real cell (2, 2) for capture 22/32, round 2 | 3.0s remaining
[2026-04-19 19:55:48] Move to real cell (2, 2) for capture 22/32, round 2 | 2.0s remaining
[2026-04-19 19:55:49] Move to real cell (2, 2) for capture 22/32, round 2 | 1.0s remaining
[2026-04-19 19:55:50] Starting Learn capture 22/32 for cell (2, 2), attempt 1/3. Hold still.
[2026-04-19 19:55:55] Cell (2, 2) now has 182 windows across 2 captures.
[2026-04-19 19:55:55] Move to real cell (3, 2) for capture 23/32, round 2 | 5.0s remaining
[2026-04-19 19:55:56] Move to real cell (3, 2) for capture 23/32, round 2 | 4.0s remaining
[2026-04-19 19:55:57] Move to real cell (3, 2) for capture 23/32, round 2 | 3.0s remaining
[2026-04-19 19:55:58] Move to real cell (3, 2) for capture 23/32, round 2 | 2.0s remaining
[2026-04-19 19:55:59] Move to real cell (3, 2) for capture 23/32, round 2 | 1.0s remaining
[2026-04-19 19:56:00] Starting Learn capture 23/32 for cell (3, 2), attempt 1/3. Hold still.
[2026-04-19 19:56:05] Cell (3, 2) now has 182 windows across 2 captures.
[2026-04-19 19:56:05] Move to real cell (4, 2) for capture 24/32, round 2 | 5.0s remaining
[2026-04-19 19:56:06] Move to real cell (4, 2) for capture 24/32, round 2 | 4.0s remaining
[2026-04-19 19:56:07] Move to real cell (4, 2) for capture 24/32, round 2 | 3.0s remaining
[2026-04-19 19:56:08] Move to real cell (4, 2) for capture 24/32, round 2 | 2.0s remaining
[2026-04-19 19:56:09] Move to real cell (4, 2) for capture 24/32, round 2 | 1.0s remaining
[2026-04-19 19:56:10] Starting Learn capture 24/32 for cell (4, 2), attempt 1/3. Hold still.
[2026-04-19 19:56:16] Cell (4, 2) now has 182 windows across 2 captures.
[2026-04-19 19:56:16] Move to real cell (1, 3) for capture 25/32, round 2 | 5.0s remaining
[2026-04-19 19:56:17] Move to real cell (1, 3) for capture 25/32, round 2 | 4.0s remaining
[2026-04-19 19:56:18] Move to real cell (1, 3) for capture 25/32, round 2 | 3.0s remaining
[2026-04-19 19:56:19] Move to real cell (1, 3) for capture 25/32, round 2 | 2.0s remaining
[2026-04-19 19:56:20] Move to real cell (1, 3) for capture 25/32, round 2 | 1.0s remaining
[2026-04-19 19:56:21] Starting Learn capture 25/32 for cell (1, 3), attempt 1/3. Hold still.
[2026-04-19 19:56:26] Cell (1, 3) now has 182 windows across 2 captures.
[2026-04-19 19:56:26] Move to real cell (2, 3) for capture 26/32, round 2 | 5.0s remaining
[2026-04-19 19:56:27] Move to real cell (2, 3) for capture 26/32, round 2 | 4.0s remaining
[2026-04-19 19:56:28] Move to real cell (2, 3) for capture 26/32, round 2 | 3.0s remaining
[2026-04-19 19:56:29] Move to real cell (2, 3) for capture 26/32, round 2 | 2.0s remaining
[2026-04-19 19:56:30] Move to real cell (2, 3) for capture 26/32, round 2 | 1.0s remaining
[2026-04-19 19:56:31] Starting Learn capture 26/32 for cell (2, 3), attempt 1/3. Hold still.
[2026-04-19 19:56:36] Cell (2, 3) now has 182 windows across 2 captures.
[2026-04-19 19:56:36] Move to real cell (3, 3) for capture 27/32, round 2 | 5.0s remaining
[2026-04-19 19:56:37] Move to real cell (3, 3) for capture 27/32, round 2 | 4.0s remaining
[2026-04-19 19:56:38] Move to real cell (3, 3) for capture 27/32, round 2 | 3.0s remaining
[2026-04-19 19:56:39] Move to real cell (3, 3) for capture 27/32, round 2 | 2.0s remaining
[2026-04-19 19:56:40] Move to real cell (3, 3) for capture 27/32, round 2 | 1.0s remaining
[2026-04-19 19:56:41] Starting Learn capture 27/32 for cell (3, 3), attempt 1/3. Hold still.
[2026-04-19 19:56:47] Cell (3, 3) now has 182 windows across 2 captures.
[2026-04-19 19:56:47] Move to real cell (4, 3) for capture 28/32, round 2 | 5.0s remaining
[2026-04-19 19:56:48] Move to real cell (4, 3) for capture 28/32, round 2 | 4.0s remaining
[2026-04-19 19:56:49] Move to real cell (4, 3) for capture 28/32, round 2 | 3.0s remaining
[2026-04-19 19:56:50] Move to real cell (4, 3) for capture 28/32, round 2 | 2.0s remaining
[2026-04-19 19:56:51] Move to real cell (4, 3) for capture 28/32, round 2 | 1.0s remaining
[2026-04-19 19:56:52] Starting Learn capture 28/32 for cell (4, 3), attempt 1/3. Hold still.
[2026-04-19 19:56:57] Cell (4, 3) now has 182 windows across 2 captures.
[2026-04-19 19:56:57] Move to real cell (1, 4) for capture 29/32, round 2 | 5.0s remaining
[2026-04-19 19:56:58] Move to real cell (1, 4) for capture 29/32, round 2 | 4.0s remaining
[2026-04-19 19:56:59] Move to real cell (1, 4) for capture 29/32, round 2 | 3.0s remaining
[2026-04-19 19:57:00] Move to real cell (1, 4) for capture 29/32, round 2 | 2.0s remaining
[2026-04-19 19:57:01] Move to real cell (1, 4) for capture 29/32, round 2 | 1.0s remaining
[2026-04-19 19:57:02] Starting Learn capture 29/32 for cell (1, 4), attempt 1/3. Hold still.
[2026-04-19 19:57:08] Cell (1, 4) now has 182 windows across 2 captures.
[2026-04-19 19:57:08] Move to real cell (2, 4) for capture 30/32, round 2 | 5.0s remaining
[2026-04-19 19:57:09] Move to real cell (2, 4) for capture 30/32, round 2 | 4.0s remaining
[2026-04-19 19:57:10] Move to real cell (2, 4) for capture 30/32, round 2 | 3.0s remaining
[2026-04-19 19:57:11] Move to real cell (2, 4) for capture 30/32, round 2 | 2.0s remaining
[2026-04-19 19:57:12] Move to real cell (2, 4) for capture 30/32, round 2 | 1.0s remaining
[2026-04-19 19:57:13] Starting Learn capture 30/32 for cell (2, 4), attempt 1/3. Hold still.
[2026-04-19 19:57:18] Cell (2, 4) now has 182 windows across 2 captures.
[2026-04-19 19:57:18] Move to real cell (3, 4) for capture 31/32, round 2 | 5.0s remaining
[2026-04-19 19:57:19] Move to real cell (3, 4) for capture 31/32, round 2 | 4.0s remaining
[2026-04-19 19:57:20] Move to real cell (3, 4) for capture 31/32, round 2 | 3.0s remaining
[2026-04-19 19:57:21] Move to real cell (3, 4) for capture 31/32, round 2 | 2.0s remaining
[2026-04-19 19:57:22] Move to real cell (3, 4) for capture 31/32, round 2 | 1.0s remaining
[2026-04-19 19:57:23] Starting Learn capture 31/32 for cell (3, 4), attempt 1/3. Hold still.
[2026-04-19 19:57:29] Cell (3, 4) now has 182 windows across 2 captures.
[2026-04-19 19:57:29] Move to real cell (4, 4) for capture 32/32, round 2 | 5.0s remaining
[2026-04-19 19:57:30] Move to real cell (4, 4) for capture 32/32, round 2 | 4.0s remaining
[2026-04-19 19:57:31] Move to real cell (4, 4) for capture 32/32, round 2 | 3.0s remaining
[2026-04-19 19:57:32] Move to real cell (4, 4) for capture 32/32, round 2 | 2.0s remaining
[2026-04-19 19:57:33] Move to real cell (4, 4) for capture 32/32, round 2 | 1.0s remaining
[2026-04-19 19:57:34] Starting Learn capture 32/32 for cell (4, 4), attempt 1/3. Hold still.
[2026-04-19 19:57:39] Cell (4, 4) now has 182 windows across 2 captures.
[2026-04-19 19:57:39] Training models on the real multi-cell dataset.
[2026-04-19 19:57:47] Training completed in 7.14s with 2912 samples.
[2026-04-19 19:57:47] Starting throughput measurement for no_model. Keep the real setup unchanged for 6.0s.
[2026-04-19 19:57:53] no_model: 481.6 pps, inference=0.003 ms, ready=False.
[2026-04-19 19:57:53] Starting throughput measurement for RandomForestDualStage. Keep the real setup unchanged for 6.0s.
[2026-04-19 19:57:59] No fresh packets were observed before measuring RandomForestDualStage; continuing with a best-effort throughput sample.
[2026-04-19 19:58:05] RandomForestDualStage: 313.3 pps, inference=4.418 ms, ready=False.
[2026-04-19 19:58:05] Starting throughput measurement for RandomForestUnified. Keep the real setup unchanged for 6.0s.
[2026-04-19 19:58:11] RandomForestUnified: 561.4 pps, inference=7.883 ms, ready=True.
[2026-04-19 19:58:11] Wrote benchmark report to app\data\real_guided_4x4_report.json.
